[1/230] automationbench:finance:4038                                 ok    reasoning_planning/agentic/strong tok=1585 190ms 
[2/230] automationbench:finance:4049                                 ok    research_analysis/agentic/strong tok=1694 175ms 
[3/230] automationbench:finance:4067                                 ok    math/agentic/standard tok=1691 170ms 
[4/230] automationbench:finance:4095                                 ok    reasoning_planning/agentic/strong tok=1681 184ms 
[5/230] automationbench:hr:5028                                      ok    writing_language/agentic/strong tok=1653 151ms 
[6/230] automationbench:hr:5088                                      ok    reasoning_planning/agentic/strong tok=1639 154ms 
[7/230] automationbench:hr:5108                                      ok    reasoning_planning/agentic/strong tok=1610 167ms 
[8/230] automationbench:hr:5124                                      ok    reasoning_planning/agentic/strong tok=1693 151ms 
[9/230] automationbench:marketing:1033                               ok    reasoning_planning/agentic/strong tok=1620 231ms 
[10/230] automationbench:marketing:1045                               ok    research_analysis/agentic/strong tok=1605 164ms 
[11/230] automationbench:marketing:1128                               ok    writing_language/agentic/strong tok=1670 168ms 
[12/230] automationbench:marketing:1167                               ok    reasoning_planning/agentic/strong tok=1636 176ms 
[13/230] automationbench:operations:1202                              ok    reasoning_planning/agentic/standard tok=1682 276ms 
[14/230] automationbench:operations:1219                              ok    reasoning_planning/agentic/standard tok=1654 146ms 
[15/230] automationbench:operations:1322                              ok    reasoning_planning/agentic/strong tok=1746 170ms 
[16/230] automationbench:operations:1354                              ok    reasoning_planning/agentic/strong tok=1695 149ms 
[17/230] automationbench:sales:1112                                   ok    reasoning_planning/agentic/strong tok=1632 157ms 
[18/230] automationbench:sales:3                                      ok    reasoning_planning/agentic/strong tok=1573 174ms 
[19/230] automationbench:sales:528                                    ok    research_analysis/agentic/strong tok=1672 147ms 
[20/230] automationbench:sales:838                                    ok    reasoning_planning/agentic/strong tok=1616 153ms 
[21/230] automationbench:simple:3051                                  ok    reasoning_planning/agentic/standard tok=1628 179ms 
[22/230] automationbench:simple:3093                                  ok    coding/agentic/standard tok=1615 178ms 
[23/230] automationbench:simple:3166                                  ok    reasoning_planning/agentic/standard tok=1595 173ms 
[24/230] automationbench:simple:3169                                  ok    reasoning_planning/agentic/standard tok=1595 152ms 
[25/230] automationbench:simple:3188                                  ok    reasoning_planning/agentic/standard tok=1577 146ms 
[26/230] automationbench:simple:3200                                  ok    reasoning_planning/agentic/standard tok=1630 152ms 
[27/230] automationbench:support:1426                                 ok    reasoning_planning/agentic/strong tok=1698 180ms 
[28/230] automationbench:support:1447                                 ok    reasoning_planning/agentic/strong tok=1653 147ms 
[29/230] automationbench:support:1472                                 ok    reasoning_planning/agentic/strong tok=1643 146ms 
[30/230] automationbench:support:1479                                 ok    reasoning_planning/agentic/strong tok=1709 149ms 
[31/230] deepswe:boa-hierarchical-evaluation-cancellation             ok    coding/agentic/frontier tok=3100 155ms 
[32/230] deepswe:csstree-shorthand-expansion-compression              ok    coding/agentic/strong tok=2798 157ms 
[33/230] deepswe:fastapi-deprecation-response-headers                 ok    coding/agentic/frontier tok=2992 157ms 
[34/230] deepswe:fd-deterministic-multi-key-sorting                   ok    coding/agentic/frontier tok=3034 164ms 
[35/230] deepswe:geo-shapeindex-serialization                         ok    coding/agentic/strong tok=2356 147ms 
[36/230] deepswe:helm-unified-manifest-stream                         ok    coding/agentic/strong tok=2426 165ms 
[37/230] deepswe:httpx-deterministic-cookie-store                     ok    coding/agentic/frontier tok=2978 174ms 
[38/230] deepswe:httpx-multipart-response-parsing                     ok    coding/agentic/strong tok=2679 176ms 
[39/230] deepswe:katex-multicolumn-array-spans                        ok    coding/agentic/strong tok=2365 165ms 
[40/230] deepswe:koota-entity-snapshot-rollback                       ok    coding/agentic/strong tok=2789 160ms 
[41/230] deepswe:koota-query-predicates                               ok    coding/agentic/strong tok=2370 199ms 
[42/230] deepswe:narwhals-rolling-window-suite                        ok    coding/agentic/strong tok=2723 151ms 
[43/230] deepswe:obsidian-linter-scoped-ignore-markers                ok    coding/agentic/strong tok=2692 145ms 
[44/230] deepswe:opa-rego-rule-profiling                              ok    coding/agentic/strong tok=2919 167ms 
[45/230] deepswe:oxvg-structural-selector-preservation                ok    coding/agentic/strong tok=2327 152ms 
[46/230] deepswe:pest-character-class-coalescing                      ok    coding/agentic/strong tok=2439 156ms 
[47/230] deepswe:sql-formatter-bigquery-pipe-formatting               ok    coding/agentic/strong tok=2580 159ms 
[48/230] deepswe:tengo-callable-instance-isolation                    ok    coding/agentic/frontier tok=2417 164ms 
[49/230] deepswe:testem-bail-on-test-failure                          ok    coding/agentic/strong tok=2759 172ms 
[50/230] deepswe:testem-per-launcher-reports                          ok    coding/agentic/strong tok=2685 157ms 
[51/230] livebench_math:053fe3cfea3d486fede4cc740d522e4989cda614b3c25 ok    math/direct/strong tok=2888 167ms 
[52/230] livebench_math:2c6778f2b9ecdbdab786f603148424b35498ae3096f7e ok    math/direct/standard tok=1527 236ms 
[53/230] livebench_math:4eeb28570e1ce09b67dc97b80060ba084ed524eab3f63 ok    math/direct/strong tok=1546 166ms 
[54/230] livebench_math:5f44262baba2ce7e374b4e087ee595c998934fdc7478a ok    math/direct/standard tok=1571 152ms 
[55/230] livebench_math:6d9bd0806e27f34ff88209075cad638ca0ed6662f499c ok    math/direct/strong tok=2871 161ms 
[56/230] livebench_math:7597e564b5c500bd2979e29e6b130437d089570148a8d ok    math/direct/standard tok=1504 154ms 
[57/230] livebench_math:a9822a81de53b287b11ccab159be018e1085c75e8cf61 ok    math/direct/standard tok=1442 151ms 
[58/230] livebench_math:b790b0092a39d1144336e52e36c156e7b6c2c08f41fac ok    math/direct/standard tok=1430 184ms 
[59/230] livebench_math:e6498e7301d0a64566ead0545ef80f711306fd352a9c1 ok    math/direct/standard tok=2226 160ms 
[60/230] livebench_math:ed177c35997892fd28292df42bfa69dcdb449cc62a89e ok    math/direct/standard tok=1409 168ms 
[61/230] livebench_reasoning:0f798486e95949a2e4b03b330f24fa5a77c232aa ok    reasoning_planning/direct/strong tok=1730 192ms 
[62/230] livebench_reasoning:41efe3791453a6fd4706e5962ad1c931c9ccf8df ok    reasoning_planning/direct/strong tok=1809 145ms 
[63/230] livebench_reasoning:49f555bbf261701bacb637c9aecdf22aaf9c7be9 ok    reasoning_planning/direct/standard tok=1622 149ms 
[64/230] livebench_reasoning:4c6e9d7cd2f5506ef5d07f1545dad8d1ca31bfd7 ok    math/direct/standard tok=1501 159ms 
[65/230] livebench_reasoning:67f0044d798f886047d3f6ab68e356f35e134cfb ok    reasoning_planning/direct/standard tok=1675 149ms 
[66/230] livebench_reasoning:6882b248e31a65f287a7a2ab617b31ebfed77151 ok    math/direct/standard tok=1552 192ms 
[67/230] livebench_reasoning:949c26c188288bf6bf4bbadfa31155caea0b68c9 ok    reasoning_planning/direct/strong tok=1720 219ms 
[68/230] livebench_reasoning:977a0ea5fc1727ca664cd2af90b5c4a2f3664889 ok    reasoning_planning/direct/strong tok=2018 171ms 
[69/230] livebench_reasoning:a0f4b0be2055ef97c455771f2de3eb3f41c90186 ok    math/direct/standard tok=1448 158ms 
[70/230] livebench_reasoning:bd6776bfffbd81eaa021c33ffbd833e0c75ee50c ok    reasoning_planning/direct/strong tok=1890 161ms 
[71/230] livebench_reasoning:c008e3fd220239ea1a8345a59f5beea2510b132c ok    reasoning_planning/direct/strong tok=1883 152ms 
[72/230] livebench_reasoning:d7c4df37a14bc749741b0ad00369fbd6b1b88ee8 ok    reasoning_planning/direct/standard tok=1630 162ms 
[73/230] livebench_reasoning:d99123f5dae428ffc74487c853ff6a440a5d3f3f ok    reasoning_planning/direct/strong tok=1977 143ms 
[74/230] livebench_reasoning:e0df6bab9a48ea72072778dc1f8a804810438529 ok    math/direct/standard tok=1449 195ms 
[75/230] livebench_reasoning:f8e84ee53942b7e6881fd483a404f6d2c875e816 ok    math/direct/standard tok=1472 151ms 
[76/230] livecodebench:3677                                           ok    coding/direct/standard tok=2053 154ms 
[77/230] livecodebench:3704                                           ok    coding/direct/standard tok=1874 169ms 
[78/230] livecodebench:3717                                           ok    coding/direct/strong tok=1998 230ms 
[79/230] livecodebench:3725                                           ok    coding/direct/standard tok=1823 166ms 
[80/230] livecodebench:3736                                           ok    coding/direct/standard tok=1759 170ms 
[81/230] livecodebench:3747                                           ok    coding/direct/standard tok=1667 162ms 
[82/230] livecodebench:3751                                           ok    coding/direct/standard tok=1795 156ms 
[83/230] livecodebench:3760                                           ok    coding/direct/standard tok=1948 146ms 
[84/230] livecodebench:3770                                           ok    coding/direct/strong tok=1927 157ms 
[85/230] livecodebench:3773                                           ok    coding/direct/standard tok=1742 184ms 
[86/230] livecodebench:3776                                           ok    coding/direct/standard tok=1930 153ms 
[87/230] livecodebench:3777                                           ok    coding/direct/strong tok=2047 143ms 
[88/230] livecodebench:3778                                           ok    coding/direct/standard tok=1795 151ms 
[89/230] livecodebench:3781                                           ok    coding/direct/strong tok=1967 158ms 
[90/230] livecodebench:3794                                           ok    coding/direct/standard tok=2073 164ms 
[91/230] livecodebench:abc387_b                                       ok    coding/direct/standard tok=1825 162ms 
[92/230] livecodebench:abc388_c                                       ok    coding/direct/standard tok=2082 153ms 
[93/230] livecodebench:abc390_b                                       ok    coding/direct/standard tok=1829 154ms 
[94/230] livecodebench:abc391_a                                       ok    coding/direct/standard tok=1716 155ms 
[95/230] livecodebench:abc391_d                                       ok    coding/direct/strong tok=2204 150ms 
[96/230] livecodebench:abc391_e                                       ok    coding/direct/standard tok=2087 148ms 
[97/230] livecodebench:abc392_c                                       ok    coding/direct/standard tok=1913 164ms 
[98/230] livecodebench:abc396_c                                       ok    coding/direct/standard tok=1933 169ms 
[99/230] livecodebench:abc396_g                                       ok    coding/direct/standard tok=2123 190ms 
[100/230] livecodebench:abc399_b                                       ok    coding/direct/standard tok=2161 156ms 
[101/230] livecodebench:abc400_a                                       ok    coding/direct/standard tok=1707 472ms 
[102/230] livecodebench:abc400_d                                       ok    coding/direct/strong tok=2730 169ms 
[103/230] livecodebench:arc190_d                                       ok    coding/direct/strong tok=2309 145ms 
[104/230] livecodebench:arc196_a                                       ok    coding/direct/standard tok=1852 377ms 
[105/230] livecodebench:arc196_c                                       ok    coding/direct/strong tok=2105 259ms 
[106/230] longbench_v2:66ec17e4821e116aacb1a6a7                        error None/None/None tok=None 38236ms {"detail": {"error_type": "max_tokens_exceeded"}}
[107/230] longbench_v2:66ed2c87821e116aacb1f149                        ok    general_qa/direct/standard tok=21056 1442ms 
[108/230] longbench_v2:66ed364d821e116aacb1f47e                        error None/None/None tok=None 1769ms {"detail": {"error_type": "max_tokens_exceeded"}}
[109/230] longbench_v2:66f24538821e116aacb2865e                        error None/None/None tok=None 11457ms {"detail": {"error_type": "max_tokens_exceeded"}}
[110/230] longbench_v2:66f2a7a9821e116aacb2a721                        error None/None/None tok=None 1488ms {"detail": {"error_type": "max_tokens_exceeded"}}
[111/230] longbench_v2:66f2ad2b821e116aacb2ac0f                        error None/None/None tok=None 423ms {"detail": {"error_type": "max_tokens_exceeded"}}
[112/230] longbench_v2:66f2b5ec821e116aacb2b1ec                        error None/None/None tok=None 2068ms {"detail": {"error_type": "max_tokens_exceeded"}}
[113/230] longbench_v2:66f3a311821e116aacb2de19                        error None/None/None tok=None 6563ms {"detail": {"error_type": "max_tokens_exceeded"}}
[114/230] longbench_v2:66f3ac0b821e116aacb2e203                        error None/None/None tok=None 20372ms {"detail": {"error_type": "max_tokens_exceeded"}}
[115/230] longbench_v2:66f3c1c3821e116aacb2eaf6                        error None/None/None tok=None 387ms {"detail": {"error_type": "max_tokens_exceeded"}}
[116/230] longbench_v2:66f3cca6821e116aacb2ef7c                        error None/None/None tok=None 3741ms {"detail": {"error_type": "max_tokens_exceeded"}}
[117/230] longbench_v2:66f3e473821e116aacb2fa73                        error None/None/None tok=None 1503ms {"detail": {"error_type": "max_tokens_exceeded"}}
[118/230] longbench_v2:66f3f46f821e116aacb2ff5d                        error None/None/None tok=None 5385ms {"detail": {"error_type": "max_tokens_exceeded"}}
[119/230] longbench_v2:66f3fb15821e116aacb303dc                        error None/None/None tok=None 1131ms {"detail": {"error_type": "max_tokens_exceeded"}}
[120/230] longbench_v2:66f40b9c821e116aacb30a99                        error None/None/None tok=None 7458ms {"detail": {"error_type": "max_tokens_exceeded"}}
[121/230] longbench_v2:66f43414821e116aacb310a1                        error None/None/None tok=None 13181ms {"detail": {"error_type": "max_tokens_exceeded"}}
[122/230] longbench_v2:66f53ab2821e116aacb33299                        error None/None/None tok=None 3473ms {"detail": {"error_type": "max_tokens_exceeded"}}
[123/230] longbench_v2:66f8c6b4bb02136c067c4480                        ok    math/direct/standard tok=15494 277ms 
[124/230] longbench_v2:66f95126bb02136c067c5070                        ok    research_analysis/direct/standard tok=30649 1020ms 
[125/230] longbench_v2:66fa0d88bb02136c067c5a8a                        error None/None/None tok=None 2538ms {"detail": {"error_type": "max_tokens_exceeded"}}
[126/230] longbench_v2:66fa415cbb02136c067c671c                        error None/None/None tok=None 3595ms {"detail": {"error_type": "max_tokens_exceeded"}}
[127/230] longbench_v2:66faa8efbb02136c067c7357                        error None/None/None tok=None 962ms {"detail": {"error_type": "max_tokens_exceeded"}}
[128/230] longbench_v2:66fb5f73bb02136c067c7ae7                        ok    general_qa/direct/strong tok=26740 1096ms 
[129/230] longbench_v2:66fc05b6bb02136c067c88e4                        error None/None/None tok=None 1840ms {"detail": {"error_type": "max_tokens_exceeded"}}
[130/230] longbench_v2:66fcf2f2bb02136c067c9169                        ok    research_analysis/direct/strong tok=24979 595ms 
[131/230] longbench_v2:67009bd8bb02136c067caba9                        error None/None/None tok=None 5085ms {"detail": {"error_type": "max_tokens_exceeded"}}
[132/230] longbench_v2:67039cfabb02136c067cd04e                        error None/None/None tok=None 1873ms {"detail": {"error_type": "max_tokens_exceeded"}}
[133/230] longbench_v2:6703a0ecbb02136c067cd11b                        error None/None/None tok=None 1891ms {"detail": {"error_type": "max_tokens_exceeded"}}
[134/230] longbench_v2:6704e10fbb02136c067ce1a0                        error None/None/None tok=None 4062ms {"detail": {"error_type": "max_tokens_exceeded"}}
[135/230] longbench_v2:6704fe26bb02136c067ce670                        error None/None/None tok=None 6037ms {"detail": {"error_type": "max_tokens_exceeded"}}
[136/230] math500:test/algebra/1547.json                               ok    math/direct/standard tok=1437 176ms 
[137/230] math500:test/algebra/2176.json                               ok    math/direct/standard tok=1450 187ms 
[138/230] math500:test/algebra/893.json                                ok    math/direct/standard tok=1433 174ms 
[139/230] math500:test/algebra/988.json                                ok    math/direct/standard tok=1408 172ms 
[140/230] math500:test/counting_and_probability/116.json               ok    math/direct/standard tok=1389 190ms 
[141/230] math500:test/counting_and_probability/238.json               ok    math/direct/standard tok=1414 156ms 
[142/230] math500:test/counting_and_probability/761.json               ok    math/direct/standard tok=1417 161ms 
[143/230] math500:test/counting_and_probability/870.json               ok    math/direct/standard tok=1420 149ms 
[144/230] math500:test/counting_and_probability/913.json               ok    math/direct/standard tok=1422 169ms 
[145/230] math500:test/geometry/802.json                               ok    math/direct/standard tok=1403 146ms 
[146/230] math500:test/geometry/826.json                               ok    math/direct/standard tok=1637 174ms 
[147/230] math500:test/intermediate_algebra/1572.json                  ok    math/direct/standard tok=1444 163ms 
[148/230] math500:test/intermediate_algebra/591.json                   ok    math/direct/standard tok=1426 147ms 
[149/230] math500:test/number_theory/1065.json                         ok    math/direct/standard tok=1417 152ms 
[150/230] math500:test/number_theory/598.json                          ok    math/direct/standard tok=1400 145ms 
[151/230] math500:test/prealgebra/1003.json                            ok    math/direct/standard tok=1585 245ms 
[152/230] math500:test/prealgebra/1272.json                            ok    math/direct/standard tok=1426 194ms 
[153/230] math500:test/prealgebra/1730.json                            ok    math/direct/standard tok=1414 146ms 
[154/230] math500:test/precalculus/1303.json                           ok    math/direct/standard tok=1492 153ms 
[155/230] math500:test/precalculus/697.json                            ok    math/direct/standard tok=1400 147ms 
[156/230] planningbench:121                                            ok    reasoning_planning/direct/frontier tok=3525 162ms 
[157/230] planningbench:148                                            ok    reasoning_planning/direct/strong tok=3649 158ms 
[158/230] planningbench:187                                            ok    reasoning_planning/direct/strong tok=3823 184ms 
[159/230] planningbench:195                                            ok    reasoning_planning/direct/strong tok=4592 166ms 
[160/230] planningbench:223                                            ok    reasoning_planning/direct/strong tok=3329 178ms 
[161/230] planningbench:237                                            ok    reasoning_planning/direct/strong tok=2758 169ms 
[162/230] planningbench:246                                            ok    reasoning_planning/direct/frontier tok=4020 157ms 
[163/230] planningbench:259                                            ok    reasoning_planning/direct/strong tok=3797 176ms 
[164/230] planningbench:265                                            ok    reasoning_planning/direct/frontier tok=3557 377ms 
[165/230] planningbench:307                                            ok    reasoning_planning/direct/strong tok=3991 171ms 
[166/230] planningbench:34                                             ok    reasoning_planning/direct/strong tok=4375 215ms 
[167/230] planningbench:340                                            ok    reasoning_planning/direct/strong tok=4044 152ms 
[168/230] planningbench:376                                            ok    reasoning_planning/direct/strong tok=4482 170ms 
[169/230] planningbench:418                                            ok    reasoning_planning/direct/strong tok=2745 170ms 
[170/230] planningbench:75                                             ok    reasoning_planning/direct/strong tok=3091 152ms 
[171/230] simpleqa_verified:1013                                       ok    general_qa/direct/standard tok=1397 154ms 
[172/230] simpleqa_verified:1263                                       ok    general_qa/agentic/standard tok=1407 156ms 
[173/230] simpleqa_verified:1269                                       ok    general_qa/direct/standard tok=1395 152ms 
[174/230] simpleqa_verified:1328                                       ok    general_qa/direct/standard tok=1389 169ms 
[175/230] simpleqa_verified:1353                                       ok    general_qa/direct/standard tok=1397 154ms 
[176/230] simpleqa_verified:1592                                       ok    general_qa/direct/standard tok=1400 150ms 
[177/230] simpleqa_verified:164                                        ok    general_qa/direct/standard tok=1399 161ms 
[178/230] simpleqa_verified:1737                                       ok    general_qa/direct/standard tok=1407 156ms 
[179/230] simpleqa_verified:1782                                       ok    general_qa/direct/standard tok=1400 167ms 
[180/230] simpleqa_verified:2119                                       ok    general_qa/direct/standard tok=1396 158ms 
[181/230] simpleqa_verified:2146                                       ok    general_qa/agentic/standard tok=1411 157ms 
[182/230] simpleqa_verified:236                                        ok    general_qa/direct/standard tok=1397 166ms 
[183/230] simpleqa_verified:2503                                       ok    general_qa/direct/standard tok=1405 161ms 
[184/230] simpleqa_verified:2580                                       ok    general_qa/direct/standard tok=1404 223ms 
[185/230] simpleqa_verified:2695                                       ok    general_qa/direct/standard tok=1393 191ms 
[186/230] simpleqa_verified:2849                                       ok    general_qa/agentic/standard tok=1450 157ms 
[187/230] simpleqa_verified:325                                        ok    general_qa/direct/standard tok=1399 172ms 
[188/230] simpleqa_verified:3254                                       ok    general_qa/direct/standard tok=1392 165ms 
[189/230] simpleqa_verified:3255                                       ok    general_qa/agentic/standard tok=1406 173ms 
[190/230] simpleqa_verified:3263                                       ok    general_qa/direct/standard tok=1403 166ms 
[191/230] simpleqa_verified:3343                                       ok    general_qa/agentic/standard tok=1392 158ms 
[192/230] simpleqa_verified:394                                        ok    general_qa/direct/standard tok=1398 160ms 
[193/230] simpleqa_verified:3968                                       ok    general_qa/direct/standard tok=1396 153ms 
[194/230] simpleqa_verified:4097                                       ok    general_qa/direct/standard tok=1402 157ms 
[195/230] simpleqa_verified:4114                                       ok    general_qa/direct/standard tok=1385 148ms 
[196/230] simpleqa_verified:415                                        ok    general_qa/direct/standard tok=1394 158ms 
[197/230] simpleqa_verified:4237                                       ok    general_qa/direct/standard tok=1397 166ms 
[198/230] simpleqa_verified:483                                        ok    general_qa/direct/standard tok=1400 143ms 
[199/230] simpleqa_verified:521                                        ok    general_qa/direct/standard tok=1389 159ms 
[200/230] simpleqa_verified:554                                        ok    general_qa/direct/standard tok=1402 165ms 
[201/230] writingbench:118                                             ok    writing_language/direct/standard tok=6022 180ms 
[202/230] writingbench:131                                             ok    writing_language/direct/standard tok=1455 217ms 
[203/230] writingbench:137                                             ok    writing_language/direct/standard tok=4639 211ms 
[204/230] writingbench:184                                             ok    writing_language/direct/strong tok=1727 152ms 
[205/230] writingbench:19                                              ok    writing_language/direct/standard tok=1410 147ms 
[206/230] writingbench:197                                             ok    writing_language/direct/standard tok=1514 195ms 
[207/230] writingbench:202                                             ok    writing_language/direct/standard tok=1391 159ms 
[208/230] writingbench:239                                             ok    writing_language/direct/standard tok=1473 146ms 
[209/230] writingbench:254                                             ok    writing_language/direct/strong tok=1510 157ms 
[210/230] writingbench:256                                             ok    writing_language/direct/standard tok=7872 211ms 
[211/230] writingbench:26                                              ok    research_analysis/direct/strong tok=1427 146ms 
[212/230] writingbench:267                                             ok    writing_language/direct/standard tok=1529 148ms 
[213/230] writingbench:323                                             ok    writing_language/direct/standard tok=1594 152ms 
[214/230] writingbench:331                                             ok    writing_language/direct/strong tok=2000 173ms 
[215/230] writingbench:359                                             ok    writing_language/direct/strong tok=1568 154ms 
[216/230] writingbench:376                                             ok    writing_language/direct/strong tok=7179 197ms 
[217/230] writingbench:383                                             ok    writing_language/direct/standard tok=1605 187ms 
[218/230] writingbench:393                                             ok    writing_language/direct/strong tok=1581 157ms 
[219/230] writingbench:425                                             ok    reasoning_planning/direct/strong tok=1527 153ms 
[220/230] writingbench:462                                             ok    writing_language/direct/standard tok=11189 243ms 
[221/230] writingbench:470                                             ok    writing_language/direct/standard tok=1992 156ms 
[222/230] writingbench:481                                             ok    writing_language/direct/standard tok=1531 188ms 
[223/230] writingbench:532                                             ok    writing_language/direct/strong tok=3664 160ms 
[224/230] writingbench:558                                             ok    writing_language/direct/standard tok=1591 164ms 
[225/230] writingbench:59                                              ok    writing_language/direct/strong tok=6005 197ms 
[226/230] writingbench:700                                             ok    writing_language/direct/standard tok=1441 145ms 
[227/230] writingbench:740                                             ok    writing_language/direct/strong tok=1492 161ms 
[228/230] writingbench:805                                             ok    writing_language/direct/strong tok=5278 166ms 
[229/230] writingbench:886                                             ok    writing_language/direct/standard tok=2910 153ms 
[230/230] writingbench:945                                             ok    writing_language/direct/strong tok=3163 158ms 
done: 205/230 ok
